2025-02-11 01:54:48.470 | INFO     | utils.utils_logger:<module>:38 - Logging to file: logs\project_log.log
2025-02-11 01:54:48.473 | INFO     | __main__:<module>:50 - Project root: C:\Users\Nasira\buzzline-04-Nadeem
2025-02-11 01:54:48.473 | INFO     | __main__:<module>:54 - Data folder: C:\Users\Nasira\buzzline-04-Nadeem\data
2025-02-11 01:54:48.473 | INFO     | __main__:<module>:58 - Data file: C:\Users\Nasira\buzzline-04-Nadeem\data\buzz_live.json
2025-02-11 01:54:48.474 | INFO     | __main__:main:125 - START producer...
2025-02-11 01:54:48.474 | INFO     | __main__:main:126 - Hit CTRL c (or CMD c) to close.
2025-02-11 01:54:48.489 | INFO     | __main__:get_message_interval:40 - Message interval: 3 seconds
2025-02-11 01:54:48.490 | INFO     | __main__:main:134 - {'message': 'I just found a movie! It was funny.', 'author': 'Eve'}
2025-02-11 01:54:51.491 | INFO     | __main__:main:134 - {'message': 'I just found a meme! It was funny.', 'author': 'Charlie'}
2025-02-11 01:54:54.508 | INFO     | __main__:main:134 - {'message': 'I just shared a trick! It was funny.', 'author': 'Eve'}
2025-02-11 01:54:57.516 | INFO     | __main__:main:134 - {'message': 'I just found a trick! It was exciting.', 'author': 'Charlie'}
2025-02-11 01:55:01.519 | INFO     | __main__:main:134 - {'message': 'I just found a movie! It was funny.', 'author': 'Eve'}
2025-02-11 01:55:04.960 | INFO     | __main__:main:134 - {'message': 'I just loved a trick! It was weird.', 'author': 'Charlie'}
2025-02-11 01:55:12.266 | INFO     | __main__:main:134 - {'message': 'I just found a story! It was funny.', 'author': 'Eve'}
2025-02-11 01:55:15.269 | INFO     | __main__:main:134 - {'message': 'I just loved a movie! It was weird.', 'author': 'Alice'}
2025-02-11 01:55:18.272 | INFO     | __main__:main:134 - {'message': 'I just tried a movie! It was amazing.', 'author': 'Bob'}
2025-02-11 01:55:21.367 | INFO     | __main__:main:134 - {'message': 'I just found a meme! It was boring.', 'author': 'Bob'}
2025-02-11 01:55:30.877 | INFO     | __main__:main:134 - {'message': 'I just shared a story! It was weird.', 'author': 'Alice'}
2025-02-11 01:55:33.879 | INFO     | __main__:main:134 - {'message': 'I just saw an app! It was exciting.', 'author': 'Charlie'}
2025-02-11 01:55:36.881 | INFO     | __main__:main:134 - {'message': 'I just shared a meme! It was boring.', 'author': 'Bob'}
2025-02-11 01:55:39.884 | INFO     | __main__:main:134 - {'message': 'I just found an app! It was boring.', 'author': 'Bob'}
2025-02-11 01:55:42.886 | INFO     | __main__:main:134 - {'message': 'I just loved a trick! It was weird.', 'author': 'Eve'}
2025-02-11 01:55:45.888 | INFO     | __main__:main:134 - {'message': 'I just tried a trick! It was funny.', 'author': 'Bob'}
2025-02-11 01:55:48.899 | INFO     | __main__:main:134 - {'message': 'I just found a movie! It was weird.', 'author': 'Alice'}
2025-02-11 01:55:51.906 | INFO     | __main__:main:134 - {'message': 'I just loved a trick! It was amazing.', 'author': 'Charlie'}
2025-02-11 01:55:54.924 | INFO     | __main__:main:134 - {'message': 'I just saw a meme! It was weird.', 'author': 'Alice'}
2025-02-11 01:55:57.940 | INFO     | __main__:main:134 - {'message': 'I just saw a trick! It was funny.', 'author': 'Bob'}
2025-02-11 01:56:00.945 | INFO     | __main__:main:134 - {'message': 'I just shared a trick! It was funny.', 'author': 'Eve'}
2025-02-11 01:56:03.947 | INFO     | __main__:main:134 - {'message': 'I just saw a story! It was amazing.', 'author': 'Alice'}
2025-02-11 01:56:06.952 | INFO     | __main__:main:134 - {'message': 'I just shared a meme! It was funny.', 'author': 'Alice'}
2025-02-11 01:56:09.955 | INFO     | __main__:main:134 - {'message': 'I just loved an app! It was weird.', 'author': 'Alice'}
2025-02-11 01:56:12.959 | INFO     | __main__:main:134 - {'message': 'I just shared a meme! It was funny.', 'author': 'Bob'}
2025-02-11 01:56:15.963 | INFO     | __main__:main:134 - {'message': 'I just found a movie! It was exciting.', 'author': 'Bob'}
2025-02-11 01:56:18.966 | INFO     | __main__:main:134 - {'message': 'I just loved a meme! It was weird.', 'author': 'Bob'}
2025-02-11 01:56:21.971 | INFO     | __main__:main:134 - {'message': 'I just saw a story! It was boring.', 'author': 'Alice'}
2025-02-11 01:56:27.337 | INFO     | __main__:main:134 - {'message': 'I just shared a meme! It was exciting.', 'author': 'Charlie'}
2025-02-11 01:56:32.594 | INFO     | __main__:main:134 - {'message': 'I just loved a meme! It was exciting.', 'author': 'Eve'}
2025-02-11 01:56:35.596 | INFO     | __main__:main:134 - {'message': 'I just tried a trick! It was amazing.', 'author': 'Alice'}
2025-02-11 01:56:38.598 | INFO     | __main__:main:134 - {'message': 'I just loved a story! It was weird.', 'author': 'Alice'}
2025-02-11 01:56:41.600 | INFO     | __main__:main:134 - {'message': 'I just saw a movie! It was exciting.', 'author': 'Alice'}
2025-02-11 01:56:44.605 | INFO     | __main__:main:134 - {'message': 'I just tried a movie! It was funny.', 'author': 'Eve'}
2025-02-11 01:56:47.608 | INFO     | __main__:main:134 - {'message': 'I just loved a story! It was amazing.', 'author': 'Bob'}
2025-02-11 01:56:50.609 | INFO     | __main__:main:134 - {'message': 'I just tried a meme! It was exciting.', 'author': 'Alice'}
2025-02-11 01:56:53.612 | INFO     | __main__:main:134 - {'message': 'I just shared an app! It was exciting.', 'author': 'Eve'}
2025-02-11 01:56:56.616 | INFO     | __main__:main:134 - {'message': 'I just saw a movie! It was weird.', 'author': 'Charlie'}
2025-02-11 01:56:59.677 | INFO     | __main__:main:134 - {'message': 'I just found a movie! It was amazing.', 'author': 'Charlie'}
2025-02-11 01:57:02.679 | INFO     | __main__:main:134 - {'message': 'I just shared a story! It was exciting.', 'author': 'Alice'}
2025-02-11 01:57:05.681 | INFO     | __main__:main:134 - {'message': 'I just saw a trick! It was exciting.', 'author': 'Bob'}
2025-02-11 01:57:08.683 | INFO     | __main__:main:134 - {'message': 'I just loved a trick! It was exciting.', 'author': 'Alice'}
2025-02-11 01:57:11.685 | INFO     | __main__:main:134 - {'message': 'I just loved an app! It was funny.', 'author': 'Eve'}
2025-02-11 01:57:14.687 | INFO     | __main__:main:134 - {'message': 'I just shared a meme! It was funny.', 'author': 'Bob'}
2025-02-11 01:57:17.691 | INFO     | __main__:main:134 - {'message': 'I just saw a meme! It was boring.', 'author': 'Eve'}
2025-02-11 01:57:20.694 | INFO     | __main__:main:134 - {'message': 'I just shared a trick! It was exciting.', 'author': 'Eve'}
2025-02-11 01:57:23.697 | INFO     | __main__:main:134 - {'message': 'I just tried a trick! It was weird.', 'author': 'Bob'}
2025-02-11 01:57:26.699 | INFO     | __main__:main:134 - {'message': 'I just loved a meme! It was amazing.', 'author': 'Charlie'}
2025-02-11 01:57:29.704 | INFO     | __main__:main:134 - {'message': 'I just found a trick! It was exciting.', 'author': 'Charlie'}
2025-02-11 01:57:32.707 | INFO     | __main__:main:134 - {'message': 'I just loved a story! It was weird.', 'author': 'Eve'}
2025-02-11 01:57:35.711 | INFO     | __main__:main:134 - {'message': 'I just shared a trick! It was weird.', 'author': 'Bob'}
2025-02-11 01:57:38.713 | INFO     | __main__:main:134 - {'message': 'I just shared a movie! It was boring.', 'author': 'Bob'}
2025-02-11 01:57:41.720 | INFO     | __main__:main:134 - {'message': 'I just saw an app! It was exciting.', 'author': 'Alice'}
2025-02-11 01:57:44.722 | INFO     | __main__:main:134 - {'message': 'I just tried a trick! It was boring.', 'author': 'Eve'}
2025-02-11 01:57:53.193 | INFO     | __main__:main:134 - {'message': 'I just found a movie! It was boring.', 'author': 'Bob'}
2025-02-11 01:58:08.653 | INFO     | __main__:main:134 - {'message': 'I just found a meme! It was exciting.', 'author': 'Alice'}
2025-02-11 01:58:11.658 | INFO     | __main__:main:134 - {'message': 'I just tried an app! It was weird.', 'author': 'Alice'}
2025-02-11 01:58:14.661 | INFO     | __main__:main:134 - {'message': 'I just shared a story! It was exciting.', 'author': 'Charlie'}
2025-02-11 01:58:17.664 | INFO     | __main__:main:134 - {'message': 'I just saw a movie! It was boring.', 'author': 'Charlie'}
2025-02-11 01:58:20.666 | INFO     | __main__:main:134 - {'message': 'I just shared a movie! It was boring.', 'author': 'Alice'}
2025-02-11 01:58:23.668 | INFO     | __main__:main:134 - {'message': 'I just shared an app! It was weird.', 'author': 'Eve'}
2025-02-11 01:58:26.671 | INFO     | __main__:main:134 - {'message': 'I just tried an app! It was amazing.', 'author': 'Bob'}
2025-02-11 01:58:31.336 | INFO     | __main__:main:134 - {'message': 'I just saw an app! It was amazing.', 'author': 'Alice'}
2025-02-11 01:58:37.303 | INFO     | __main__:main:134 - {'message': 'I just tried a trick! It was boring.', 'author': 'Bob'}
2025-02-11 01:58:40.307 | INFO     | __main__:main:134 - {'message': 'I just shared a story! It was weird.', 'author': 'Eve'}
2025-02-11 01:58:43.311 | INFO     | __main__:main:134 - {'message': 'I just saw a movie! It was boring.', 'author': 'Alice'}
2025-02-11 01:58:46.317 | INFO     | __main__:main:134 - {'message': 'I just loved a meme! It was amazing.', 'author': 'Alice'}
2025-02-11 01:58:49.350 | INFO     | __main__:main:134 - {'message': 'I just loved an app! It was boring.', 'author': 'Charlie'}
2025-02-11 01:58:52.386 | INFO     | __main__:main:134 - {'message': 'I just shared a story! It was weird.', 'author': 'Charlie'}
2025-02-11 01:58:55.411 | INFO     | __main__:main:134 - {'message': 'I just found a movie! It was amazing.', 'author': 'Charlie'}
2025-02-11 01:58:58.413 | INFO     | __main__:main:134 - {'message': 'I just shared a meme! It was funny.', 'author': 'Charlie'}
2025-02-11 01:59:01.416 | INFO     | __main__:main:134 - {'message': 'I just found an app! It was weird.', 'author': 'Eve'}
2025-02-11 01:59:04.418 | INFO     | __main__:main:134 - {'message': 'I just shared a story! It was boring.', 'author': 'Charlie'}
2025-02-11 01:59:07.420 | INFO     | __main__:main:134 - {'message': 'I just loved an app! It was boring.', 'author': 'Charlie'}
2025-02-11 01:59:10.426 | INFO     | __main__:main:134 - {'message': 'I just shared a movie! It was weird.', 'author': 'Bob'}
2025-02-11 01:59:13.438 | INFO     | __main__:main:134 - {'message': 'I just tried an app! It was boring.', 'author': 'Alice'}
2025-02-11 01:59:16.447 | INFO     | __main__:main:134 - {'message': 'I just shared a story! It was exciting.', 'author': 'Bob'}
2025-02-11 01:59:19.449 | INFO     | __main__:main:134 - {'message': 'I just shared a meme! It was boring.', 'author': 'Alice'}
2025-02-11 01:59:22.453 | INFO     | __main__:main:134 - {'message': 'I just tried a movie! It was funny.', 'author': 'Bob'}
2025-02-11 01:59:25.455 | INFO     | __main__:main:134 - {'message': 'I just shared a movie! It was weird.', 'author': 'Eve'}
2025-02-11 01:59:28.459 | INFO     | __main__:main:134 - {'message': 'I just shared a meme! It was amazing.', 'author': 'Alice'}
2025-02-11 01:59:31.462 | INFO     | __main__:main:134 - {'message': 'I just found a trick! It was exciting.', 'author': 'Charlie'}
2025-02-11 01:59:34.477 | INFO     | __main__:main:134 - {'message': 'I just shared a story! It was exciting.', 'author': 'Charlie'}
2025-02-11 01:59:37.482 | INFO     | __main__:main:134 - {'message': 'I just tried a story! It was funny.', 'author': 'Charlie'}
2025-02-11 01:59:40.484 | INFO     | __main__:main:134 - {'message': 'I just tried an app! It was weird.', 'author': 'Alice'}
2025-02-11 01:59:43.487 | INFO     | __main__:main:134 - {'message': 'I just saw a meme! It was exciting.', 'author': 'Eve'}
2025-02-11 01:59:46.489 | INFO     | __main__:main:134 - {'message': 'I just loved a story! It was exciting.', 'author': 'Eve'}
2025-02-11 01:59:49.491 | INFO     | __main__:main:134 - {'message': 'I just loved a trick! It was amazing.', 'author': 'Bob'}
2025-02-11 01:59:52.493 | INFO     | __main__:main:134 - {'message': 'I just found an app! It was weird.', 'author': 'Bob'}
2025-02-11 01:59:55.496 | INFO     | __main__:main:134 - {'message': 'I just found an app! It was exciting.', 'author': 'Eve'}
2025-02-11 01:59:58.498 | INFO     | __main__:main:134 - {'message': 'I just saw a story! It was weird.', 'author': 'Charlie'}
2025-02-11 02:00:01.500 | INFO     | __main__:main:134 - {'message': 'I just saw an app! It was exciting.', 'author': 'Alice'}
2025-02-11 02:00:04.503 | INFO     | __main__:main:134 - {'message': 'I just found a trick! It was funny.', 'author': 'Alice'}
2025-02-11 02:00:07.505 | INFO     | __main__:main:134 - {'message': 'I just tried a story! It was boring.', 'author': 'Bob'}
2025-02-11 02:00:10.507 | INFO     | __main__:main:134 - {'message': 'I just saw a story! It was weird.', 'author': 'Charlie'}
2025-02-11 02:00:13.510 | INFO     | __main__:main:134 - {'message': 'I just saw a meme! It was exciting.', 'author': 'Alice'}
2025-02-11 02:00:16.514 | INFO     | __main__:main:134 - {'message': 'I just saw a meme! It was boring.', 'author': 'Eve'}
2025-02-11 02:00:19.517 | INFO     | __main__:main:134 - {'message': 'I just saw an app! It was funny.', 'author': 'Alice'}
2025-02-11 02:00:22.519 | INFO     | __main__:main:134 - {'message': 'I just loved a trick! It was weird.', 'author': 'Bob'}
2025-02-11 02:00:25.521 | INFO     | __main__:main:134 - {'message': 'I just found a trick! It was funny.', 'author': 'Bob'}
2025-02-11 02:00:28.550 | INFO     | __main__:main:134 - {'message': 'I just shared a story! It was boring.', 'author': 'Bob'}
2025-02-11 02:00:31.555 | INFO     | __main__:main:134 - {'message': 'I just shared a movie! It was boring.', 'author': 'Alice'}
2025-02-11 02:00:34.557 | INFO     | __main__:main:134 - {'message': 'I just tried a meme! It was boring.', 'author': 'Alice'}
2025-02-11 02:00:37.560 | INFO     | __main__:main:134 - {'message': 'I just loved a movie! It was exciting.', 'author': 'Eve'}
2025-02-11 02:00:40.561 | INFO     | __main__:main:134 - {'message': 'I just found a meme! It was boring.', 'author': 'Charlie'}
2025-02-11 02:00:53.168 | INFO     | __main__:main:134 - {'message': 'I just shared a movie! It was exciting.', 'author': 'Charlie'}
2025-02-11 02:01:05.582 | INFO     | __main__:main:134 - {'message': 'I just tried an app! It was boring.', 'author': 'Eve'}
2025-02-11 02:01:08.584 | INFO     | __main__:main:134 - {'message': 'I just tried an app! It was amazing.', 'author': 'Eve'}
2025-02-11 02:01:11.586 | INFO     | __main__:main:134 - {'message': 'I just found a meme! It was funny.', 'author': 'Charlie'}
2025-02-11 02:01:14.590 | INFO     | __main__:main:134 - {'message': 'I just loved a trick! It was boring.', 'author': 'Alice'}
2025-02-11 02:01:17.592 | INFO     | __main__:main:134 - {'message': 'I just tried a story! It was exciting.', 'author': 'Eve'}
2025-02-11 02:01:20.595 | INFO     | __main__:main:134 - {'message': 'I just saw a trick! It was boring.', 'author': 'Alice'}
2025-02-11 02:01:23.597 | INFO     | __main__:main:134 - {'message': 'I just tried a trick! It was exciting.', 'author': 'Alice'}
2025-02-11 02:01:26.600 | INFO     | __main__:main:134 - {'message': 'I just tried a story! It was funny.', 'author': 'Alice'}
2025-02-11 02:01:29.604 | INFO     | __main__:main:134 - {'message': 'I just loved a story! It was boring.', 'author': 'Charlie'}
2025-02-11 02:01:32.607 | INFO     | __main__:main:134 - {'message': 'I just shared a trick! It was exciting.', 'author': 'Alice'}
2025-02-11 02:01:35.610 | INFO     | __main__:main:134 - {'message': 'I just shared a trick! It was weird.', 'author': 'Bob'}
2025-02-11 02:01:38.612 | INFO     | __main__:main:134 - {'message': 'I just loved a story! It was amazing.', 'author': 'Alice'}
2025-02-11 02:01:41.615 | INFO     | __main__:main:134 - {'message': 'I just loved a trick! It was boring.', 'author': 'Charlie'}
2025-02-11 02:01:44.619 | INFO     | __main__:main:134 - {'message': 'I just loved a meme! It was funny.', 'author': 'Bob'}
2025-02-11 02:01:47.622 | INFO     | __main__:main:134 - {'message': 'I just loved a trick! It was amazing.', 'author': 'Bob'}
2025-02-11 02:01:50.625 | INFO     | __main__:main:134 - {'message': 'I just loved an app! It was exciting.', 'author': 'Bob'}
2025-02-11 02:01:53.629 | INFO     | __main__:main:134 - {'message': 'I just saw a movie! It was weird.', 'author': 'Bob'}
2025-02-11 02:01:56.632 | INFO     | __main__:main:134 - {'message': 'I just shared a meme! It was amazing.', 'author': 'Bob'}
2025-02-11 02:01:59.638 | INFO     | __main__:main:134 - {'message': 'I just shared a movie! It was weird.', 'author': 'Alice'}
2025-02-11 02:02:02.641 | INFO     | __main__:main:134 - {'message': 'I just loved a trick! It was exciting.', 'author': 'Alice'}
2025-02-11 02:02:05.643 | INFO     | __main__:main:134 - {'message': 'I just saw a movie! It was amazing.', 'author': 'Charlie'}
2025-02-11 02:02:08.645 | INFO     | __main__:main:134 - {'message': 'I just loved a story! It was exciting.', 'author': 'Alice'}
2025-02-11 02:02:11.647 | INFO     | __main__:main:134 - {'message': 'I just shared an app! It was weird.', 'author': 'Alice'}
2025-02-11 02:02:14.650 | INFO     | __main__:main:134 - {'message': 'I just tried a movie! It was funny.', 'author': 'Alice'}
2025-02-11 02:02:17.655 | INFO     | __main__:main:134 - {'message': 'I just loved a story! It was exciting.', 'author': 'Alice'}
2025-02-11 02:02:20.659 | INFO     | __main__:main:134 - {'message': 'I just shared a trick! It was amazing.', 'author': 'Eve'}
2025-02-11 02:02:23.664 | INFO     | __main__:main:134 - {'message': 'I just found an app! It was weird.', 'author': 'Charlie'}
2025-02-11 02:02:26.667 | INFO     | __main__:main:134 - {'message': 'I just tried a trick! It was funny.', 'author': 'Charlie'}
2025-02-11 02:02:29.670 | INFO     | __main__:main:134 - {'message': 'I just tried an app! It was funny.', 'author': 'Bob'}
2025-02-11 02:02:32.674 | INFO     | __main__:main:134 - {'message': 'I just shared an app! It was funny.', 'author': 'Charlie'}
2025-02-11 02:02:35.677 | INFO     | __main__:main:134 - {'message': 'I just saw a meme! It was boring.', 'author': 'Charlie'}
2025-02-11 02:02:38.700 | INFO     | __main__:main:134 - {'message': 'I just found a trick! It was boring.', 'author': 'Eve'}
2025-02-11 02:02:41.702 | INFO     | __main__:main:134 - {'message': 'I just tried a story! It was funny.', 'author': 'Eve'}
2025-02-11 02:02:44.704 | INFO     | __main__:main:134 - {'message': 'I just shared a meme! It was weird.', 'author': 'Alice'}
2025-02-11 02:02:47.709 | INFO     | __main__:main:134 - {'message': 'I just found a trick! It was funny.', 'author': 'Eve'}
2025-02-11 02:02:50.714 | INFO     | __main__:main:134 - {'message': 'I just saw a story! It was exciting.', 'author': 'Eve'}
2025-02-11 02:02:53.716 | INFO     | __main__:main:134 - {'message': 'I just found a meme! It was exciting.', 'author': 'Eve'}
2025-02-11 02:02:56.729 | INFO     | __main__:main:134 - {'message': 'I just tried a story! It was funny.', 'author': 'Alice'}
2025-02-11 02:02:59.734 | INFO     | __main__:main:134 - {'message': 'I just saw a story! It was funny.', 'author': 'Eve'}
2025-02-11 02:03:02.737 | INFO     | __main__:main:134 - {'message': 'I just found a trick! It was amazing.', 'author': 'Bob'}
2025-02-11 02:03:05.753 | INFO     | __main__:main:134 - {'message': 'I just shared a movie! It was weird.', 'author': 'Bob'}
2025-02-11 02:03:08.770 | INFO     | __main__:main:134 - {'message': 'I just tried an app! It was exciting.', 'author': 'Eve'}
2025-02-11 02:03:11.784 | INFO     | __main__:main:134 - {'message': 'I just saw a meme! It was funny.', 'author': 'Eve'}
2025-02-11 02:03:14.787 | INFO     | __main__:main:134 - {'message': 'I just loved a trick! It was weird.', 'author': 'Eve'}
2025-02-11 02:03:18.441 | INFO     | __main__:main:134 - {'message': 'I just loved a meme! It was weird.', 'author': 'Charlie'}
2025-02-11 02:03:34.234 | INFO     | __main__:main:134 - {'message': 'I just tried a meme! It was weird.', 'author': 'Alice'}
2025-02-11 02:03:37.237 | INFO     | __main__:main:134 - {'message': 'I just tried a movie! It was funny.', 'author': 'Alice'}
2025-02-11 02:03:40.240 | INFO     | __main__:main:134 - {'message': 'I just loved a trick! It was amazing.', 'author': 'Eve'}
2025-02-11 02:03:43.245 | INFO     | __main__:main:134 - {'message': 'I just saw an app! It was weird.', 'author': 'Bob'}
2025-02-11 02:03:46.248 | INFO     | __main__:main:134 - {'message': 'I just tried a movie! It was boring.', 'author': 'Charlie'}
2025-02-11 02:03:49.251 | INFO     | __main__:main:134 - {'message': 'I just loved a trick! It was boring.', 'author': 'Charlie'}
2025-02-11 02:03:52.254 | INFO     | __main__:main:134 - {'message': 'I just saw an app! It was exciting.', 'author': 'Alice'}
2025-02-11 02:03:55.257 | INFO     | __main__:main:134 - {'message': 'I just loved an app! It was funny.', 'author': 'Alice'}
2025-02-11 02:03:58.259 | INFO     | __main__:main:134 - {'message': 'I just saw an app! It was amazing.', 'author': 'Eve'}
2025-02-11 02:04:01.478 | INFO     | __main__:main:134 - {'message': 'I just shared a movie! It was funny.', 'author': 'Eve'}
2025-02-11 02:04:09.950 | INFO     | __main__:main:134 - {'message': 'I just found a story! It was weird.', 'author': 'Eve'}
2025-02-11 02:04:12.958 | INFO     | __main__:main:134 - {'message': 'I just saw a trick! It was funny.', 'author': 'Bob'}
2025-02-11 02:04:15.966 | INFO     | __main__:main:134 - {'message': 'I just tried a meme! It was boring.', 'author': 'Eve'}
2025-02-11 02:04:18.970 | INFO     | __main__:main:134 - {'message': 'I just shared a story! It was funny.', 'author': 'Alice'}
2025-02-11 02:04:21.974 | INFO     | __main__:main:134 - {'message': 'I just shared a trick! It was weird.', 'author': 'Charlie'}
2025-02-11 02:04:24.978 | INFO     | __main__:main:134 - {'message': 'I just tried a movie! It was amazing.', 'author': 'Eve'}
2025-02-11 02:04:27.980 | INFO     | __main__:main:134 - {'message': 'I just saw a movie! It was boring.', 'author': 'Eve'}
2025-02-11 02:04:30.984 | INFO     | __main__:main:134 - {'message': 'I just shared a story! It was boring.', 'author': 'Bob'}
2025-02-11 02:04:33.986 | INFO     | __main__:main:134 - {'message': 'I just loved a meme! It was exciting.', 'author': 'Bob'}
2025-02-11 02:04:36.988 | INFO     | __main__:main:134 - {'message': 'I just found a movie! It was funny.', 'author': 'Alice'}
2025-02-11 02:04:39.990 | INFO     | __main__:main:134 - {'message': 'I just shared a meme! It was funny.', 'author': 'Bob'}
2025-02-11 02:04:42.992 | INFO     | __main__:main:134 - {'message': 'I just tried a meme! It was boring.', 'author': 'Eve'}
2025-02-11 02:04:45.994 | INFO     | __main__:main:134 - {'message': 'I just tried a story! It was funny.', 'author': 'Alice'}
2025-02-11 02:04:48.996 | INFO     | __main__:main:134 - {'message': 'I just found an app! It was boring.', 'author': 'Alice'}
2025-02-11 02:04:52.003 | INFO     | __main__:main:134 - {'message': 'I just tried a movie! It was exciting.', 'author': 'Alice'}
2025-02-11 02:04:55.008 | INFO     | __main__:main:134 - {'message': 'I just shared a movie! It was funny.', 'author': 'Charlie'}
2025-02-11 02:04:58.010 | INFO     | __main__:main:134 - {'message': 'I just saw a movie! It was weird.', 'author': 'Alice'}
2025-02-11 02:05:01.042 | INFO     | __main__:main:134 - {'message': 'I just shared a trick! It was exciting.', 'author': 'Alice'}
2025-02-11 02:05:04.082 | INFO     | __main__:main:134 - {'message': 'I just loved a trick! It was boring.', 'author': 'Bob'}
2025-02-11 02:05:07.084 | INFO     | __main__:main:134 - {'message': 'I just tried a meme! It was amazing.', 'author': 'Bob'}
2025-02-11 02:05:10.108 | INFO     | __main__:main:134 - {'message': 'I just shared a movie! It was boring.', 'author': 'Alice'}
2025-02-11 02:05:13.116 | INFO     | __main__:main:134 - {'message': 'I just loved a trick! It was weird.', 'author': 'Charlie'}
2025-02-11 02:05:16.120 | INFO     | __main__:main:134 - {'message': 'I just loved a movie! It was weird.', 'author': 'Bob'}
2025-02-11 02:05:19.130 | INFO     | __main__:main:134 - {'message': 'I just found an app! It was exciting.', 'author': 'Bob'}
2025-02-11 02:05:22.167 | INFO     | __main__:main:134 - {'message': 'I just shared a story! It was funny.', 'author': 'Bob'}
2025-02-11 02:05:25.171 | INFO     | __main__:main:134 - {'message': 'I just found a movie! It was exciting.', 'author': 'Alice'}
2025-02-11 02:05:28.190 | INFO     | __main__:main:134 - {'message': 'I just loved an app! It was amazing.', 'author': 'Alice'}
2025-02-11 02:05:31.221 | INFO     | __main__:main:134 - {'message': 'I just tried an app! It was amazing.', 'author': 'Alice'}
2025-02-11 02:05:34.231 | INFO     | __main__:main:134 - {'message': 'I just saw a movie! It was weird.', 'author': 'Bob'}
2025-02-11 02:05:37.246 | INFO     | __main__:main:134 - {'message': 'I just shared a movie! It was amazing.', 'author': 'Charlie'}
2025-02-11 02:05:40.250 | INFO     | __main__:main:134 - {'message': 'I just saw a trick! It was funny.', 'author': 'Eve'}
2025-02-11 02:05:43.252 | INFO     | __main__:main:134 - {'message': 'I just shared a story! It was exciting.', 'author': 'Alice'}
2025-02-11 02:05:46.288 | INFO     | __main__:main:134 - {'message': 'I just shared a story! It was boring.', 'author': 'Alice'}
2025-02-11 02:05:49.340 | INFO     | __main__:main:134 - {'message': 'I just saw a trick! It was amazing.', 'author': 'Bob'}
2025-02-11 02:05:55.072 | INFO     | __main__:main:134 - {'message': 'I just loved a meme! It was amazing.', 'author': 'Eve'}
2025-02-11 02:06:08.969 | INFO     | __main__:main:134 - {'message': 'I just loved a trick! It was amazing.', 'author': 'Alice'}
2025-02-11 02:06:11.971 | INFO     | __main__:main:134 - {'message': 'I just loved a trick! It was boring.', 'author': 'Charlie'}
2025-02-11 02:06:14.975 | INFO     | __main__:main:134 - {'message': 'I just shared an app! It was weird.', 'author': 'Charlie'}
2025-02-11 02:06:17.980 | INFO     | __main__:main:134 - {'message': 'I just shared a movie! It was weird.', 'author': 'Charlie'}
2025-02-11 02:06:20.982 | INFO     | __main__:main:134 - {'message': 'I just found a trick! It was exciting.', 'author': 'Alice'}
2025-02-11 02:06:23.984 | INFO     | __main__:main:134 - {'message': 'I just shared a story! It was weird.', 'author': 'Bob'}
2025-02-11 02:06:26.992 | INFO     | __main__:main:134 - {'message': 'I just shared a story! It was weird.', 'author': 'Eve'}
2025-02-11 02:06:34.930 | INFO     | __main__:main:134 - {'message': 'I just saw a meme! It was boring.', 'author': 'Charlie'}
2025-02-11 02:06:39.442 | INFO     | __main__:main:134 - {'message': 'I just tried an app! It was boring.', 'author': 'Eve'}
2025-02-11 02:06:43.923 | INFO     | __main__:main:134 - {'message': 'I just loved a meme! It was funny.', 'author': 'Bob'}
2025-02-11 02:06:46.934 | INFO     | __main__:main:134 - {'message': 'I just loved a story! It was weird.', 'author': 'Bob'}
2025-02-11 02:06:49.936 | INFO     | __main__:main:134 - {'message': 'I just loved a trick! It was amazing.', 'author': 'Eve'}
2025-02-11 02:06:52.938 | INFO     | __main__:main:134 - {'message': 'I just shared a meme! It was exciting.', 'author': 'Eve'}
2025-02-11 02:06:55.941 | INFO     | __main__:main:134 - {'message': 'I just loved an app! It was funny.', 'author': 'Alice'}
2025-02-11 02:06:58.944 | INFO     | __main__:main:134 - {'message': 'I just loved a story! It was boring.', 'author': 'Eve'}
2025-02-11 02:07:01.946 | INFO     | __main__:main:134 - {'message': 'I just shared an app! It was exciting.', 'author': 'Bob'}
2025-02-11 02:07:04.948 | INFO     | __main__:main:134 - {'message': 'I just found an app! It was weird.', 'author': 'Bob'}
2025-02-11 02:07:07.950 | INFO     | __main__:main:134 - {'message': 'I just found a trick! It was boring.', 'author': 'Charlie'}
2025-02-11 02:07:10.953 | INFO     | __main__:main:134 - {'message': 'I just saw a movie! It was weird.', 'author': 'Alice'}
2025-02-11 02:07:13.955 | INFO     | __main__:main:134 - {'message': 'I just loved a trick! It was boring.', 'author': 'Bob'}
2025-02-11 02:07:16.958 | INFO     | __main__:main:134 - {'message': 'I just shared a trick! It was boring.', 'author': 'Eve'}
2025-02-11 02:07:19.962 | INFO     | __main__:main:134 - {'message': 'I just loved an app! It was funny.', 'author': 'Charlie'}
2025-02-11 02:07:22.972 | INFO     | __main__:main:134 - {'message': 'I just saw a meme! It was weird.', 'author': 'Bob'}
2025-02-11 02:07:25.977 | INFO     | __main__:main:134 - {'message': 'I just found a meme! It was weird.', 'author': 'Charlie'}
2025-02-11 02:07:28.980 | INFO     | __main__:main:134 - {'message': 'I just loved an app! It was weird.', 'author': 'Eve'}
2025-02-11 02:07:32.002 | INFO     | __main__:main:134 - {'message': 'I just shared a meme! It was boring.', 'author': 'Charlie'}
2025-02-11 02:07:35.029 | INFO     | __main__:main:134 - {'message': 'I just tried a trick! It was exciting.', 'author': 'Bob'}
2025-02-11 02:07:38.035 | INFO     | __main__:main:134 - {'message': 'I just tried an app! It was amazing.', 'author': 'Alice'}
2025-02-11 02:07:41.074 | INFO     | __main__:main:134 - {'message': 'I just found a story! It was boring.', 'author': 'Bob'}
2025-02-11 02:07:44.090 | INFO     | __main__:main:134 - {'message': 'I just loved an app! It was exciting.', 'author': 'Alice'}
2025-02-11 02:07:47.093 | INFO     | __main__:main:134 - {'message': 'I just saw a meme! It was amazing.', 'author': 'Charlie'}
2025-02-11 02:07:50.097 | INFO     | __main__:main:134 - {'message': 'I just tried a trick! It was exciting.', 'author': 'Alice'}
2025-02-11 02:07:53.101 | INFO     | __main__:main:134 - {'message': 'I just tried a movie! It was amazing.', 'author': 'Alice'}
2025-02-11 02:07:56.103 | INFO     | __main__:main:134 - {'message': 'I just saw a movie! It was amazing.', 'author': 'Bob'}
2025-02-11 02:07:59.111 | INFO     | __main__:main:134 - {'message': 'I just found an app! It was funny.', 'author': 'Alice'}
2025-02-11 02:08:02.113 | INFO     | __main__:main:134 - {'message': 'I just saw an app! It was funny.', 'author': 'Eve'}
2025-02-11 02:08:05.116 | INFO     | __main__:main:134 - {'message': 'I just found a meme! It was funny.', 'author': 'Bob'}
2025-02-11 02:08:08.119 | INFO     | __main__:main:134 - {'message': 'I just loved a meme! It was exciting.', 'author': 'Eve'}
2025-02-11 02:08:11.122 | INFO     | __main__:main:134 - {'message': 'I just shared an app! It was weird.', 'author': 'Charlie'}
2025-02-11 02:08:14.129 | INFO     | __main__:main:134 - {'message': 'I just found an app! It was weird.', 'author': 'Alice'}
2025-02-11 02:08:17.131 | INFO     | __main__:main:134 - {'message': 'I just tried a meme! It was boring.', 'author': 'Eve'}
2025-02-11 02:08:20.138 | INFO     | __main__:main:134 - {'message': 'I just loved a meme! It was amazing.', 'author': 'Alice'}
2025-02-11 02:08:23.389 | INFO     | __main__:main:134 - {'message': 'I just loved a meme! It was boring.', 'author': 'Alice'}
2025-02-11 02:08:29.451 | INFO     | __main__:main:134 - {'message': 'I just saw a story! It was weird.', 'author': 'Bob'}
2025-02-11 02:08:32.457 | INFO     | __main__:main:134 - {'message': 'I just saw a story! It was funny.', 'author': 'Alice'}
2025-02-11 02:08:35.460 | INFO     | __main__:main:134 - {'message': 'I just loved a movie! It was funny.', 'author': 'Alice'}
